Open Watcom Linker Version 1.9
Portions Copyright (c) 1985-2002 Sybase, Inc. All Rights Reserved.
Created on:       25/01/14 11:47:52
Executable Image: Minecraft9xLauncher.exe
creating a Windows NT windowed executable


                        +------------+
                        |   Groups   |
                        +------------+

Group                           Address              Size
=====                           =======              ====

.idata                          0040a000             000006ff
DGROUP                          0040b000             000147e0



                        +--------------+
                        |   Segments   |
                        +--------------+

Segment                Class          Group          Address         Size
=======                =====          =====          =======         ====

BEGTEXT                CODE           AUTO           00401000        00000007
_TEXT                  CODE           AUTO           00401010        00007f80
TRANSFER CODE          CODE           AUTO           00408f90        00000186
.idata                 .idata         .idata         0040a000        000006ff
_NULL                  BEGDATA        DGROUP         0040b000        00000004
_AFTERNULL             BEGDATA        DGROUP         0040b004        00000000
CONST                  DATA           DGROUP         0040b004        000038f0
CONST2                 DATA           DGROUP         0040e8f4        00000000
_DATA                  DATA           DGROUP         0040e8f4        00000590
XIB                    DATA           DGROUP         0040ee84        00000000
XI                     DATA           DGROUP         0040ee84        00000024
XIE                    DATA           DGROUP         0040eea8        00000000
YIB                    DATA           DGROUP         0040eea8        00000000
YI                     DATA           DGROUP         0040eea8        00000018
YIE                    DATA           DGROUP         0040eec0        00000000
TIB                    DATA           DGROUP         0040eec0        00000000
TI                     DATA           DGROUP         0040eec0        00000000
TIE                    DATA           DGROUP         0040eec0        00000000
DATA                   DATA           DGROUP         0040eec0        00000000
_BSS                   BSS            DGROUP         0040f000        000007d5
STACK                  STACK          DGROUP         0040f7e0        00010000


                        +----------------+
                        |   Memory Map   |
                        +----------------+

* = unreferenced symbol
+ = symbol only referenced locally

Address        Symbol
=======        ======

Module: launcher.obj(C:\Users\Admin\Documents\Minecraft9xLauncher-main1\Minecraft9xLauncher-main\launcher.cpp)
0040f000+      HBITMAP__ near * near g_hBitmap
0040f004+      HWND__ near * near hButtonPlay
0040f008+      HWND__ near * near hDropdownVersion
0040f00c+      HWND__ near * near hTextboxUsername
0040f010+      HWND__ near * near hLabelInfo
00401010+      void near LogError( char const near * )
0040106a+      void near CreateBatFile( char const near *, char const near * )
00401437+      long near WindowProc( HWND__ near *, int unsigned, int unsigned, long )
00401605       _WinMain@16
Module: C:\WATCOM/lib386/nt\clib3r.lib(stk)
004019a9       __CHK
004019b9*      __STK
004019d8*      __STKOVERFLOW_
004019e8       __GRO
00401a08*      __alloca_probe
Module: C:\WATCOM/lib386/nt\clib3r.lib(fopen.c)
00401a20+      __open_flags_
00401c30+      _fsopen_
00401c80       fopen_
00401d10*      freopen_
Module: C:\WATCOM/lib386/nt\clib3r.lib(fprintf.c)
00401d80       fprintf_
Module: C:\WATCOM/lib386/nt\clib3r.lib(fclose.c)
00401db0       __doclose_
00401e50       __shutdown_stream_
00401e70       fclose_
0040f058+      ___RmTmpFileFn
Module: C:\WATCOM/lib386/nt\clib3r.lib(_strcmp)
00401ec0       strcmp_
Module: C:\WATCOM/lib386/nt\clib3r.lib(system.c)
00402030       system_
Module: C:\WATCOM/lib386/nt\clib3r.lib(remove.c)
004020b0       remove_
Module: C:\WATCOM/lib386/nt\clib3r.lib(cstrtwwt)
004020b6       _wstart_
004020b6*      _wstart2_
004020b6*      WinMainCRTStartup
Module: C:\WATCOM/lib386/nt\plbx3r.lib(fsroot.cpp)
0040ee8a       ___wcpp_4_data_init_fs_root_
Module: C:\WATCOM/lib386/nt\plbx3r.lib(cppdata.cpp)
0040f05c       __wint_thread_data
0040f080       __compiled_under_NT
Module: C:\WATCOM/lib386/nt\clib3r.lib(xmsgwnt.c)
00402130+      __exit_with_msg_
00402190       __fatal_runtime_error_
Module: C:\WATCOM/lib386/nt\clib3r.lib(mainwnt.c)
0040e904*      ___TlsIndex
0040e908+      ___FirstThreadData
0040e90c       ___GetThreadPtr
0040e910       __AccessFileH
0040e914       __ReleaseFileH
0040e918       __AccessIOB
0040e91c       __ReleaseIOB
0040e920       __AccessNHeap
0040e924*      __AccessFHeap
0040e928       __ReleaseNHeap
004021c0*      __threadid_
004021e0+      __sig_null_rtn_
004021f0+      __NTInit_
004023d0+      __NTFini_
00402430       __NTMainInit_
00402490       __exit_
0040e92c*      __ReleaseFHeap
0040e930*      __AccessTDList
0040e934*      __ReleaseTDList
0040e938       __AccessFList
0040e93c       __ReleaseFList
0040e940+      __ThreadExitRtn
0040e944       ___sig_init_rtn
0040e948       ___sig_fini_rtn
0040e94c       ___process_fini
0040f08c       ___Is_DLL
Module: C:\WATCOM/lib386/nt\clib3r.lib(comtflag.c)
004024e0*      __set_commode_
0040e950       __commode
Module: C:\WATCOM/lib386/nt\clib3r.lib(iob.c)
0040e954       ___iob
0040eb5c       __fmode
0040f6a8       ___OpenStreams
0040f6ac       ___ClosedStreams
Module: C:\WATCOM/lib386/nt\clib3r.lib(seterrno.c)
004024f0       __set_errno_
004024fe*      __set_EDOM_
0040250c*      __set_ERANGE_
0040251a*      __set_EINVAL_
0040252d       __set_doserrno_
Module: C:\WATCOM/lib386/nt\clib3r.lib(tolower.c)
00402540       tolower_
Module: C:\WATCOM/lib386/nt\clib3r.lib(openwnt.c)
00402750*      open_
00402770       sopen_
Module: C:\WATCOM/lib386/nt\clib3r.lib(fseek.c)
004027f0       fseek_
Module: C:\WATCOM/lib386/nt\clib3r.lib(chktty.c)
00402900       __chktty_
Module: C:\WATCOM/lib386/nt\clib3r.lib(freefp.c)
00402940       __freefp_
00402990       __purgefp_
Module: C:\WATCOM/lib386/nt\clib3r.lib(allocfp.c)
004029c0       __allocfp_
Module: C:\WATCOM/lib386/nt\clib3r.lib(fprtf.c)
00402ab0       __fprtf_
Module: C:\WATCOM/lib386/nt\clib3r.lib(__lseek.c)
00402b70       __lseek_
Module: C:\WATCOM/lib386/nt\clib3r.lib(_clsewnt.c)
00402bb0       __close_
Module: C:\WATCOM/lib386/nt\clib3r.lib(nfree.c)
00402c10       _nfree_
00402c10       free_
0040f6b0       ___MiniHeapFreeRover
Module: C:\WATCOM/lib386/nt\clib3r.lib(flush.c)
00402d20       __flush_
Module: C:\WATCOM/lib386/nt\clib3r.lib(getenv.c)
00402e20       getenv_
Module: C:\WATCOM/lib386/nt\clib3r.lib(fileinfo.c)
0040eb60       __fileinfo
Module: C:\WATCOM/lib386/nt\clib3r.lib(_slashc.c)
00402eb0       __Slash_C_
Module: C:\WATCOM/lib386/nt\clib3r.lib(splp.c)
00402ec0       spawnlp_
Module: C:\WATCOM/lib386/nt\clib3r.lib(unlnkwnt.c)
00402ee0       unlink_
Module: C:\WATCOM/lib386/nt\clib3r.lib(wmainwnt.c)
00402f00       __WinMain
Module: C:\WATCOM/lib386/nt\clib3r.lib(segdefns)
00401003       ___begtext
0040b000*      __nullarea
0040ee84       __Start_XI
0040eea8       __End_XI
0040eea8       __Start_YI
0040eec0       __End_YI
Module: C:\WATCOM/lib386/nt\clib3r.lib(enterdb.c)
00402fb0       __EnterWVIDEO_
0040eb64+      ___WD_Present
Module: C:\WATCOM/lib386/nt\clib3r.lib(hdlman.c)
0040eb68+      ___NHandles
0040eb6c+      ___OSHandles
0040eb70+      ___FakeHandles
00402fe0+      __growPOSIXHandles_
00403080       __allocPOSIXHandle_
00403140       __freePOSIXHandle_
00403160       __getOSHandle_
00403170       __setOSHandle_
004031c0+      __NTGetFakeHandle_
00403230       __initPOSIXHandles_
00403310*      __set_handles_
00403320*      _grow_handles_
Module: C:\WATCOM/lib386/nt\clib3r.lib(crwdata)
0040ebc0       __osmajor
0040ebc1       __osminor
0040ebc2       __osbuild
0040ebc4       __osver
0040ebc8       __winmajor
0040ebcc       __winminor
0040ebd0       __winver
0040eb8c       __LpDllName
0040eb90       __LpwCmdLine
0040eb94       __LpwPgmName
0040eb98       __LpwDllName
0040eb84       __LpCmdLine
0040eb88       __LpPgmName
0040eb7c*      __dynend
0040eb80       __curbrk
0040eb9c*      __STACKLOW
0040eba0       __STACKTOP
0040eba4       __ASTACKSIZ
0040eba8       __ASTACKPTR
0040ebac*      __cbyte
0040ebb0*      __cbyte2
0040ebb4*      __child
0040ebba       __Envptr
0040ebbe*      __Envseg
0040ebb8*      __no87
0040ebd4       ___FPE_handler
Module: C:\WATCOM/lib386/nt\clib3r.lib(environ.c)
0040f6b4       ___env_mask
0040f6b8       _environ
0040f6bc       __wenviron
Module: C:\WATCOM/lib386/nt\clib3r.lib(getmodfn.c)
00403360       __lib_GetModuleFileNameW_
Module: C:\WATCOM/lib386/nt\clib3r.lib(strdup.c)
00403400       __clib_strdup_
Module: C:\WATCOM/lib386/nt\clib3r.lib(istable.c)
00403440       __IsTable
Module: C:\WATCOM/lib386/nt\clib3r.lib(ustrdup.c)
00403541       __clib_wcsdup_
Module: C:\WATCOM/lib386/nt\clib3r.lib(excptwnt.c)
00403bd0+      ___ReportException@4
00404020       __DefaultExceptionHandler_
00404060+      ___ExceptionFilter
00404270       __NewExceptionFilter_
004042a0       __DoneExceptionFilter_
0040ebd8       ___oscode_check_func
0040ebdc       ___raise_func
0040f6c0*      _sw
0040f6c4+      ___ExceptionHandled
0040f6c5+      ___ReportInvoked
Module: C:\WATCOM/lib386/nt\clib3r.lib(stklmwnt.c)
004042e0       __init_stack_limits_
Module: C:\WATCOM/lib386/nt\clib3r.lib(initrtns.c)
00404360       __InitRtns
004043b0       __FiniRtns
Module: C:\WATCOM/lib386/nt\clib3r.lib(initfile.c)
00404440       __InitFiles_
Module: C:\WATCOM/lib386/nt\clib3r.lib(ioexit.c)
00404540*      fcloseall_
00404550       __full_io_exit_
Module: C:\WATCOM/lib386/nt\clib3r.lib(ntfio.c)
00404560*      __GetNTCreateAttr_
004045a0       __GetNTAccessAttr_
004045d0       __GetNTShareAttr_
Module: C:\WATCOM/lib386/nt\clib3r.lib(umaskval.c)
0040ebf4       ___umaskval
Module: C:\WATCOM/lib386/nt\clib3r.lib(isattwnt.c)
00404630       isatty_
Module: C:\WATCOM/lib386/nt\clib3r.lib(stiomode.c)
00404650       __grow_iomode_
00404720+      __shrink_iomode_
00404760       __SetIOMode_
Module: C:\WATCOM/lib386/nt\clib3r.lib(dosret.c)
004047d0*      _dosretax_
004047e0*      _dosret0_
004047f0       __set_errno_dos_
00404820*      __set_errno_dos_reterr_
00404830       __set_errno_nt_
00404840*      __set_errno_nt_reterr_
Module: C:\WATCOM/lib386/nt\clib3r.lib(lseek.c)
00404860       lseek_
Module: C:\WATCOM/lib386/nt\clib3r.lib(tell.c)
004048b0       tell_
Module: C:\WATCOM/lib386/nt\clib3r.lib(nmalloc.c)
004048d0       _nmalloc_
004048d0       malloc_
0040ecfc       ___nheapbeg
0040ed00       ___MiniHeapRover
0040ed04       ___LargestSizeB4MiniHeapRover
Module: C:\WATCOM/lib386/nt\clib3r.lib(memset.c)
004049d0       memset_
Module: C:\WATCOM/lib386/nt\clib3r.lib(fputc.c)
004049f0       fputc_
Module: C:\WATCOM/lib386/nt\clib3r.lib(ioalloc.c)
00404ad0       __ioalloc_
Module: C:\WATCOM/lib386/nt\clib3r.lib(prtf.c)
00404b70       __prtf_
Module: C:\WATCOM/lib386/nt\clib3r.lib(iomode.c)
00405840       __GetIOMode_
00405860       __SetIOMode_nogrow_
0040ed08       ___NFiles
0040ed0c       ___init_mode
0040ed5c       ___io_mode
Module: C:\WATCOM/lib386/nt\clib3r.lib(mem.c)
00405880       __MemAllocator
00405930       __MemFree
Module: C:\WATCOM/lib386/nt\clib3r.lib(fsync.c)
00405a70       fsync_
Module: C:\WATCOM/lib386/nt\clib3r.lib(qwrit.c)
00405ac0       __qwrite_
Module: C:\WATCOM/lib386/nt\clib3r.lib(mbterm.c)
00405ba0       _mbterm_
Module: C:\WATCOM/lib386/nt\clib3r.lib(mbsnextc.c)
00405be0       _mbsnextc_
Module: C:\WATCOM/lib386/nt\clib3r.lib(mbcupper.c)
00405c20       _mbctoupper_
Module: C:\WATCOM/lib386/nt\clib3r.lib(mbsinc.c)
00405c50       _mbsinc_
Module: C:\WATCOM/lib386/nt\clib3r.lib(spvp.c)
00405c80       spawnvp_
Module: C:\WATCOM/lib386/nt\clib3r.lib(mthrdini.c)
00405c90       __InitThreadData_
0040ed60       ___ThreadDataSize
Module: C:\WATCOM/lib386/nt\clib3r.lib(stackwnt.c)
00405cc0       stackavail_
Module: C:\WATCOM/lib386/nt\clib3r.lib(cinit.c)
00405cd0       __CommonInit_
Module: C:\WATCOM/lib386/nt\clib3r.lib(exit.c)
00405cd1+      __null_int23_exit_
00405cd2       exit_
00405d22*      _exit_
0040ed64       ___int23_exit
0040ed68+      ___FPE_handler_exit
Module: C:\WATCOM/lib386/nt\clib3r.lib(dosseg)
00001234       __DOSseg__
Module: C:\WATCOM/lib386/nt\clib3r.lib(nrealloc.c)
00405d40*      _nrealloc_
00405d40       realloc_
Module: C:\WATCOM/lib386/nt\clib3r.lib(setenvp.c)
00405dc0       __setenvp_
00405e80       __freeenvp_
Module: C:\WATCOM/lib386/nt\clib3r.lib(ustrlen.c)
00405ecd       wcslen_
Module: C:\WATCOM/lib386/nt\clib3r.lib(memcpy.c)
00405ee0       memcpy_
Module: C:\WATCOM/lib386/nt\clib3r.lib(conutwnt.c)
00405f10*      __NTRealKey_
00405fc0*      __NTConsoleInput_
00405fd0       __NTConsoleOutput_
Module: C:\WATCOM/lib386/nt\clib3r.lib(fclex387.c)
00405fe0       _ClearFPE_
Module: C:\WATCOM/lib386/nt\clib3r.lib(signlwnt.c)
0040ed74+      __SignalTable
00405ff0+      __SetSignalFunc_
00406040+      __GetSignalFunc_
00406070+      __GetSignalOSCode_
004060a0+      __CheckSignalExCode_
004061e0+      __sigabort_
004061f0       __sigfpe_handler_
00406240*      signal_
004062d0+      raise_
00406340+      __SigInit_
00406390+      __SigFini_
004063d0+      __sig_init_
Module: C:\WATCOM/lib386/nt\clib3r.lib(iomodtty.c)
004063f0       __ChkTTYIOMode_
00406430*      __IOMode_
Module: C:\WATCOM/lib386/nt\clib3r.lib(nmemneed.c)
00406450       __nmemneed_
Module: C:\WATCOM/lib386/nt\clib3r.lib(grownear.c)
004065c0       __ExpandDGROUP_
Module: C:\WATCOM/lib386/nt\clib3r.lib(__stos)
004065e0       __STOSB
00406617*      __STOSD
Module: C:\WATCOM/lib386/nt\clib3r.lib(wctomb.c)
00406690       wctomb_
Module: C:\WATCOM/lib386/nt\clib3r.lib(itoa.c)
004066d0+      utoa_
00406720       itoa_
Module: C:\WATCOM/lib386/nt\clib3r.lib(strupr.c)
00406750       strupr_
Module: C:\WATCOM/lib386/nt\clib3r.lib(noefgfmt.c)
0040ede0       ___EFG_printf
0040ede4*      ___EFG_scanf
Module: C:\WATCOM/lib386/nt\clib3r.lib(lltoa.c)
004067c0       ulltoa_
00406830*      lltoa_
Module: C:\WATCOM/lib386/nt\clib3r.lib(ltoa.c)
00406860       ultoa_
004068b0*      ltoa_
Module: C:\WATCOM/lib386/nt\clib3r.lib(mbisdbcs.c)
0040f6d0       ___IsDBCS
Module: C:\WATCOM/lib386/nt\clib3r.lib(mbislead.c)
004068e0*      _ismbblead_
0040f6d4       ___MBCSIsTable
Module: C:\WATCOM/lib386/nt\clib3r.lib(mbconv.c)
00406900       _mbvtop_
Module: C:\WATCOM/lib386/nt\clib3r.lib(spvpe.c)
0040691f       spawnvpe_
Module: C:\WATCOM/lib386/nt\clib3r.lib(nmsize.c)
00406a70       _nmsize_
00406a70*      _msize_
Module: C:\WATCOM/lib386/nt\clib3r.lib(nexpand.c)
00406a80       _nexpand_
00406a80*      _expand_
00406ac0+      __HeapManager_expand_
Module: C:\WATCOM/lib386/nt\clib3r.lib(dofilstr.c)
00406ca0       __ParsePosixHandleStr_
Module: C:\WATCOM/lib386/nt\clib3r.lib(clearenv.c)
00406dc0       clearenv_
Module: C:\WATCOM/lib386/nt\clib3r.lib(abort.c)
00406e65*      abort_
00406e77       __terminate_
0040ede8       ___abort
Module: C:\WATCOM/lib386/nt\clib3r.lib(amblksiz.c)
0040edec       __amblksiz
Module: C:\WATCOM/lib386/nt\clib3r.lib(heapen.c)
00406e90*      _heapenable_
0040edf0       ___heap_enabled
Module: C:\WATCOM/lib386/nt\clib3r.lib(nheapmin.c)
00406ec0       _nheapshrink_
00406ec0*      _nheapmin_
00406ec0*      _heapmin_
00406ec0*      _heapshrink_
Module: C:\WATCOM/lib386/nt\clib3r.lib(mbinit.c)
00406fdc       __mbinit_
0040edf4       ___MBCodePage
Module: C:\WATCOM/lib386/nt\clib3r.lib(alphabet.c)
0040e8cc       ___Alphabet
Module: C:\WATCOM/lib386/nt\clib3r.lib(spve.c)
00407120       spawnve_
Module: C:\WATCOM/lib386/nt\clib3r.lib(strlen.c)
00407550       strlen_
Module: C:\WATCOM/lib386/nt\clib3r.lib(strchr.c)
00407570       strchr_
Module: C:\WATCOM/lib386/nt\clib3r.lib(strncpy.c)
00407590       strncpy_
Module: C:\WATCOM/lib386/nt\clib3r.lib(strtol.c)
004077f0*      strtoul_
00407800       strtol_
Module: C:\WATCOM/lib386/nt\clib3r.lib(putenv.c)
00407810       putenv_
00407aa0       __putenv_
Module: C:\WATCOM/lib386/nt\clib3r.lib(accsswnt.c)
00407c10       access_
Module: C:\WATCOM/lib386/nt\clib3r.lib(exvewnt.c)
00407c34       execve_
Module: C:\WATCOM/lib386/nt\clib3r.lib(mkfilstr.c)
00407c90       __FormPosixHandleStr_
Module: C:\WATCOM/lib386/nt\clib3r.lib(cenvarg.c)
00407e9f       __cenvarg_
00407fb3       __ccmdline_
Module: C:\WATCOM/lib386/nt\clib3r.lib(split2.c)
00408060       _splitpath2_
Module: C:\WATCOM/lib386/nt\clib3r.lib(makepath.c)
004081d0       _makepath_
Module: C:\WATCOM/lib386/nt\clib3r.lib(stricmp.c)
00408380       stricmp_
Module: C:\WATCOM/lib386/nt\clib3r.lib(spl.c)
004083c0       spawnl_
Module: C:\WATCOM/lib386/nt\clib3r.lib(dospnwnt.c)
004083e0       _dospawn_
Module: C:\WATCOM/lib386/nt\clib3r.lib(strcpy.c)
00408530       strcpy_
Module: C:\WATCOM/lib386/nt\clib3r.lib(mbschr.c)
00408560       _mbschr_
Module: C:\WATCOM/lib386/nt\clib3r.lib(mbslen.c)
004085c0       _mbslen_
Module: C:\WATCOM/lib386/nt\clib3r.lib(mbstowcs.c)
004085f0       mbstowcs_
Module: C:\WATCOM/lib386/nt\clib3r.lib(uputenv.c)
00408670*      _wputenv_
00408890       __wputenv_
Module: C:\WATCOM/lib386/nt\clib3r.lib(toupper.c)
00408990       toupper_
Module: C:\WATCOM/lib386/nt\clib3r.lib(memmove.c)
004089a0       memmove_
Module: C:\WATCOM/lib386/nt\clib3r.lib(fgtattr.c)
00408a00       __fixed_GetFileAttributesA_
Module: C:\WATCOM/lib386/nt\clib3r.lib(oshdl.c)
00408aa0*      _get_osfhandle_
00408aa0       _os_handle_
Module: C:\WATCOM/lib386/nt\clib3r.lib(mbsnccnt.c)
00408ac0       _mbsnccnt_
Module: C:\WATCOM/lib386/nt\clib3r.lib(mbsncpy.c)
00408af0       _mbsncpy_
Module: C:\WATCOM/lib386/nt\clib3r.lib(mbsnbcnt.c)
00408b10       _mbsnbcnt_
Module: C:\WATCOM/lib386/nt\clib3r.lib(mbclen.c)
00408b80       _mbclen_
Module: C:\WATCOM/lib386/nt\clib3r.lib(mbsdec.c)
00408bb0       _mbsdec_
Module: C:\WATCOM/lib386/nt\clib3r.lib(mbccmp.c)
00408c30       _mbccmp_
Module: C:\WATCOM/lib386/nt\clib3r.lib(mbtowc.c)
00408c70       mbtowc_
Module: C:\WATCOM/lib386/nt\clib3r.lib(ustrchr.c)
00408d00       wcschr_
Module: C:\WATCOM/lib386/nt\clib3r.lib(setenvar.c)
00408d20       __lib_SetEnvironmentVariableW_
Module: C:\WATCOM/lib386/nt\clib3r.lib(crtwenv.c)
00408e10       __create_wide_environment_
Module: C:\WATCOM/lib386/nt\clib3r.lib(wcstombs.c)
00408e80       wcstombs_
Module: C:\WATCOM/lib386/nt\clib3r.lib(utoupper.c)
00408f1f       towupper_
Module: C:\WATCOM/lib386/nt\clib3r.lib(mbsnbcpy.c)
00408f30       _mbsnbcpy_


                        +----------------------+
                        |   Imported Symbols   |
                        +----------------------+

Symbol                              Module
======                              ======

_DeleteObject@4                     GDI32.DLL
_PostQuitMessage@4                  USER32.DLL
_SendMessageA@16                    USER32.DLL
_GetWindowTextA@12                  USER32.DLL
_BeginPaint@8                       USER32.DLL
_CreateCompatibleDC@4               GDI32.DLL
_SelectObject@8                     GDI32.DLL
_GetObjectA@12                      GDI32.DLL
_BitBlt@36                          GDI32.DLL
_DeleteDC@4                         GDI32.DLL
_EndPaint@8                         USER32.DLL
_DefWindowProcA@16                  USER32.DLL
_LoadImageA@24                      USER32.DLL
_MessageBoxA@16                     USER32.DLL
_RegisterClassA@4                   USER32.DLL
_CreateWindowExA@48                 USER32.DLL
_ShowWindow@8                       USER32.DLL
_UpdateWindow@4                     USER32.DLL
_GetMessageA@16                     USER32.DLL
_TranslateMessage@4                 USER32.DLL
_DispatchMessageA@4                 USER32.DLL
_GetStdHandle@4                     KERNEL32.DLL
_WriteFile@20                       KERNEL32.DLL
_GetEnvironmentStringsA@0           KERNEL32.DLL
_GetVersion@0                       KERNEL32.DLL
_GetModuleFileNameA@12              KERNEL32.DLL
_GetCommandLineA@0                  KERNEL32.DLL
_GetCommandLineW@0                  KERNEL32.DLL
_FreeEnvironmentStringsA@4          KERNEL32.DLL
_GetModuleHandleA@4                 KERNEL32.DLL
_ExitProcess@4                      KERNEL32.DLL
_CreateFileA@28                     KERNEL32.DLL
_SetFilePointer@16                  KERNEL32.DLL
_CloseHandle@4                      KERNEL32.DLL
_DeleteFileA@4                      KERNEL32.DLL
_SetStdHandle@8                     KERNEL32.DLL
_CreateEventA@16                    KERNEL32.DLL
_GetModuleFileNameW@12              KERNEL32.DLL
_MultiByteToWideChar@24             KERNEL32.DLL
_LoadLibraryA@4                     KERNEL32.DLL
_GetProcAddress@8                   KERNEL32.DLL
_SetUnhandledExceptionFilter@4      KERNEL32.DLL
_UnhandledExceptionFilter@4         KERNEL32.DLL
_VirtualQuery@12                    KERNEL32.DLL
_GetFileType@4                      KERNEL32.DLL
_GetLastError@0                     KERNEL32.DLL
_FlushFileBuffers@4                 KERNEL32.DLL
_CharUpperA@4                       USER32.DLL
_GetCurrentThreadId@0               KERNEL32.DLL
_SetConsoleCtrlHandler@8            KERNEL32.DLL
_VirtualAlloc@16                    KERNEL32.DLL
_WideCharToMultiByte@32             KERNEL32.DLL
_VirtualFree@12                     KERNEL32.DLL
_GetACP@0                           KERNEL32.DLL
_GetOEMCP@0                         KERNEL32.DLL
_GetCPInfo@8                        KERNEL32.DLL
_SetEnvironmentVariableA@8          KERNEL32.DLL
_CreateProcessA@40                  KERNEL32.DLL
_Sleep@4                            KERNEL32.DLL
_GetExitCodeProcess@8               KERNEL32.DLL
_WaitForSingleObject@8              KERNEL32.DLL
_GetFileAttributesA@4               KERNEL32.DLL
_FindFirstFileA@8                   KERNEL32.DLL
_FindClose@4                        KERNEL32.DLL
_SetEnvironmentVariableW@8          KERNEL32.DLL


                        +--------------------+
                        |   Libraries Used   |
                        +--------------------+

C:\WATCOM/lib386/nt\kernel32.lib
C:\WATCOM/lib386/nt\user32.lib
C:\WATCOM/lib386/nt\gdi32.lib
C:\WATCOM/lib386/nt\clib3r.lib
C:\WATCOM/lib386/nt\plbx3r.lib


                        +-----------------------+
                        |   Linker Statistics   |
                        +-----------------------+

Stack size:  00010000 (65536.)
Memory size:  0001cff5 (118773.)
Entry point address: 004020b6
Link time: 00:00.62
