Open Watcom Linker Version 1.9
Portions Copyright (c) 1985-2002 Sybase, Inc. All Rights Reserved.
Created on:       25/01/14 16:42:33
Executable Image: Minecraft9xLauncher.exe
creating a Windows NT windowed executable


                        +------------+
                        |   Groups   |
                        +------------+

Group                           Address              Size
=====                           =======              ====

.idata                          0040a000             000006ff
DGROUP                          0040b000             000157e0



                        +--------------+
                        |   Segments   |
                        +--------------+

Segment                Class          Group          Address         Size
=======                =====          =====          =======         ====

BEGTEXT                CODE           AUTO           00401000        00000007
_TEXT                  CODE           AUTO           00401010        00007f90
TRANSFER CODE          CODE           AUTO           00408fa0        00000186
.idata                 .idata         .idata         0040a000        000006ff
_NULL                  BEGDATA        DGROUP         0040b000        00000004
_AFTERNULL             BEGDATA        DGROUP         0040b004        00000000
CONST                  DATA           DGROUP         0040b004        00003b84
CONST2                 DATA           DGROUP         0040eb88        00000000
_DATA                  DATA           DGROUP         0040eb88        00000590
XIB                    DATA           DGROUP         0040f118        00000000
XI                     DATA           DGROUP         0040f118        00000024
XIE                    DATA           DGROUP         0040f13c        00000000
YIB                    DATA           DGROUP         0040f13c        00000000
YI                     DATA           DGROUP         0040f13c        00000018
YIE                    DATA           DGROUP         0040f154        00000000
TIB                    DATA           DGROUP         0040f154        00000000
TI                     DATA           DGROUP         0040f154        00000000
TIE                    DATA           DGROUP         0040f154        00000000
DATA                   DATA           DGROUP         0040f154        00000000
_BSS                   BSS            DGROUP         00410000        000007d5
STACK                  STACK          DGROUP         004107e0        00010000


                        +----------------+
                        |   Memory Map   |
                        +----------------+

* = unreferenced symbol
+ = symbol only referenced locally

Address        Symbol
=======        ======

Module: launcher.obj(C:\Users\Jack\Documents\GitHub\git\launcher.cpp)
00410000+      HBITMAP__ near * near g_hBitmap
00410004+      HWND__ near * near hButtonPlay
00410008+      HWND__ near * near hDropdownVersion
0041000c+      HWND__ near * near hTextboxUsername
00410010+      HWND__ near * near hLabelInfo
00401010+      void near LogError( char const near * )
0040106a+      void near CreateBatFile( char const near *, char const near * )
00401441+      long near WindowProc( HWND__ near *, int unsigned, int unsigned, long )
0040160f       _WinMain@16
Module: C:\WATCOM/lib386/nt\clib3r.lib(stk)
004019b1       __CHK
004019c1*      __STK
004019e0*      __STKOVERFLOW_
004019f0       __GRO
00401a10*      __alloca_probe
Module: C:\WATCOM/lib386/nt\clib3r.lib(fopen.c)
00401a30+      __open_flags_
00401c40+      _fsopen_
00401c90       fopen_
00401d20*      freopen_
Module: C:\WATCOM/lib386/nt\clib3r.lib(fprintf.c)
00401d90       fprintf_
Module: C:\WATCOM/lib386/nt\clib3r.lib(fclose.c)
00401dc0       __doclose_
00401e60       __shutdown_stream_
00401e80       fclose_
00410058+      ___RmTmpFileFn
Module: C:\WATCOM/lib386/nt\clib3r.lib(_strcmp)
00401ed0       strcmp_
Module: C:\WATCOM/lib386/nt\clib3r.lib(system.c)
00402040       system_
Module: C:\WATCOM/lib386/nt\clib3r.lib(remove.c)
004020c0       remove_
Module: C:\WATCOM/lib386/nt\clib3r.lib(cstrtwwt)
004020c6       _wstart_
004020c6*      _wstart2_
004020c6*      WinMainCRTStartup
Module: C:\WATCOM/lib386/nt\plbx3r.lib(fsroot.cpp)
0040f11e       ___wcpp_4_data_init_fs_root_
Module: C:\WATCOM/lib386/nt\plbx3r.lib(cppdata.cpp)
0041005c       __wint_thread_data
00410080       __compiled_under_NT
Module: C:\WATCOM/lib386/nt\clib3r.lib(xmsgwnt.c)
00402140+      __exit_with_msg_
004021a0       __fatal_runtime_error_
Module: C:\WATCOM/lib386/nt\clib3r.lib(mainwnt.c)
0040eb98*      ___TlsIndex
0040eb9c+      ___FirstThreadData
0040eba0       ___GetThreadPtr
0040eba4       __AccessFileH
0040eba8       __ReleaseFileH
0040ebac       __AccessIOB
0040ebb0       __ReleaseIOB
0040ebb4       __AccessNHeap
0040ebb8*      __AccessFHeap
0040ebbc       __ReleaseNHeap
004021d0*      __threadid_
004021f0+      __sig_null_rtn_
00402200+      __NTInit_
004023e0+      __NTFini_
00402440       __NTMainInit_
004024a0       __exit_
0040ebc0*      __ReleaseFHeap
0040ebc4*      __AccessTDList
0040ebc8*      __ReleaseTDList
0040ebcc       __AccessFList
0040ebd0       __ReleaseFList
0040ebd4+      __ThreadExitRtn
0040ebd8       ___sig_init_rtn
0040ebdc       ___sig_fini_rtn
0040ebe0       ___process_fini
0041008c       ___Is_DLL
Module: C:\WATCOM/lib386/nt\clib3r.lib(comtflag.c)
004024f0*      __set_commode_
0040ebe4       __commode
Module: C:\WATCOM/lib386/nt\clib3r.lib(iob.c)
0040ebe8       ___iob
0040edf0       __fmode
004106a8       ___OpenStreams
004106ac       ___ClosedStreams
Module: C:\WATCOM/lib386/nt\clib3r.lib(seterrno.c)
00402500       __set_errno_
0040250e*      __set_EDOM_
0040251c*      __set_ERANGE_
0040252a*      __set_EINVAL_
0040253d       __set_doserrno_
Module: C:\WATCOM/lib386/nt\clib3r.lib(tolower.c)
00402550       tolower_
Module: C:\WATCOM/lib386/nt\clib3r.lib(openwnt.c)
00402760*      open_
00402780       sopen_
Module: C:\WATCOM/lib386/nt\clib3r.lib(fseek.c)
00402800       fseek_
Module: C:\WATCOM/lib386/nt\clib3r.lib(chktty.c)
00402910       __chktty_
Module: C:\WATCOM/lib386/nt\clib3r.lib(freefp.c)
00402950       __freefp_
004029a0       __purgefp_
Module: C:\WATCOM/lib386/nt\clib3r.lib(allocfp.c)
004029d0       __allocfp_
Module: C:\WATCOM/lib386/nt\clib3r.lib(fprtf.c)
00402ac0       __fprtf_
Module: C:\WATCOM/lib386/nt\clib3r.lib(__lseek.c)
00402b80       __lseek_
Module: C:\WATCOM/lib386/nt\clib3r.lib(_clsewnt.c)
00402bc0       __close_
Module: C:\WATCOM/lib386/nt\clib3r.lib(nfree.c)
00402c20       _nfree_
00402c20       free_
004106b0       ___MiniHeapFreeRover
Module: C:\WATCOM/lib386/nt\clib3r.lib(flush.c)
00402d30       __flush_
Module: C:\WATCOM/lib386/nt\clib3r.lib(getenv.c)
00402e30       getenv_
Module: C:\WATCOM/lib386/nt\clib3r.lib(fileinfo.c)
0040edf4       __fileinfo
Module: C:\WATCOM/lib386/nt\clib3r.lib(_slashc.c)
00402ec0       __Slash_C_
Module: C:\WATCOM/lib386/nt\clib3r.lib(splp.c)
00402ed0       spawnlp_
Module: C:\WATCOM/lib386/nt\clib3r.lib(unlnkwnt.c)
00402ef0       unlink_
Module: C:\WATCOM/lib386/nt\clib3r.lib(wmainwnt.c)
00402f10       __WinMain
Module: C:\WATCOM/lib386/nt\clib3r.lib(segdefns)
00401003       ___begtext
0040b000*      __nullarea
0040f118       __Start_XI
0040f13c       __End_XI
0040f13c       __Start_YI
0040f154       __End_YI
Module: C:\WATCOM/lib386/nt\clib3r.lib(enterdb.c)
00402fc0       __EnterWVIDEO_
0040edf8+      ___WD_Present
Module: C:\WATCOM/lib386/nt\clib3r.lib(hdlman.c)
0040edfc+      ___NHandles
0040ee00+      ___OSHandles
0040ee04+      ___FakeHandles
00402ff0+      __growPOSIXHandles_
00403090       __allocPOSIXHandle_
00403150       __freePOSIXHandle_
00403170       __getOSHandle_
00403180       __setOSHandle_
004031d0+      __NTGetFakeHandle_
00403240       __initPOSIXHandles_
00403320*      __set_handles_
00403330*      _grow_handles_
Module: C:\WATCOM/lib386/nt\clib3r.lib(crwdata)
0040ee54       __osmajor
0040ee55       __osminor
0040ee56       __osbuild
0040ee58       __osver
0040ee5c       __winmajor
0040ee60       __winminor
0040ee64       __winver
0040ee20       __LpDllName
0040ee24       __LpwCmdLine
0040ee28       __LpwPgmName
0040ee2c       __LpwDllName
0040ee18       __LpCmdLine
0040ee1c       __LpPgmName
0040ee10*      __dynend
0040ee14       __curbrk
0040ee30*      __STACKLOW
0040ee34       __STACKTOP
0040ee38       __ASTACKSIZ
0040ee3c       __ASTACKPTR
0040ee40*      __cbyte
0040ee44*      __cbyte2
0040ee48*      __child
0040ee4e       __Envptr
0040ee52*      __Envseg
0040ee4c*      __no87
0040ee68       ___FPE_handler
Module: C:\WATCOM/lib386/nt\clib3r.lib(environ.c)
004106b4       ___env_mask
004106b8       _environ
004106bc       __wenviron
Module: C:\WATCOM/lib386/nt\clib3r.lib(getmodfn.c)
00403370       __lib_GetModuleFileNameW_
Module: C:\WATCOM/lib386/nt\clib3r.lib(strdup.c)
00403410       __clib_strdup_
Module: C:\WATCOM/lib386/nt\clib3r.lib(istable.c)
00403450       __IsTable
Module: C:\WATCOM/lib386/nt\clib3r.lib(ustrdup.c)
00403551       __clib_wcsdup_
Module: C:\WATCOM/lib386/nt\clib3r.lib(excptwnt.c)
00403be0+      ___ReportException@4
00404030       __DefaultExceptionHandler_
00404070+      ___ExceptionFilter
00404280       __NewExceptionFilter_
004042b0       __DoneExceptionFilter_
0040ee6c       ___oscode_check_func
0040ee70       ___raise_func
004106c0*      _sw
004106c4+      ___ExceptionHandled
004106c5+      ___ReportInvoked
Module: C:\WATCOM/lib386/nt\clib3r.lib(stklmwnt.c)
004042f0       __init_stack_limits_
Module: C:\WATCOM/lib386/nt\clib3r.lib(initrtns.c)
00404370       __InitRtns
004043c0       __FiniRtns
Module: C:\WATCOM/lib386/nt\clib3r.lib(initfile.c)
00404450       __InitFiles_
Module: C:\WATCOM/lib386/nt\clib3r.lib(ioexit.c)
00404550*      fcloseall_
00404560       __full_io_exit_
Module: C:\WATCOM/lib386/nt\clib3r.lib(ntfio.c)
00404570*      __GetNTCreateAttr_
004045b0       __GetNTAccessAttr_
004045e0       __GetNTShareAttr_
Module: C:\WATCOM/lib386/nt\clib3r.lib(umaskval.c)
0040ee88       ___umaskval
Module: C:\WATCOM/lib386/nt\clib3r.lib(isattwnt.c)
00404640       isatty_
Module: C:\WATCOM/lib386/nt\clib3r.lib(stiomode.c)
00404660       __grow_iomode_
00404730+      __shrink_iomode_
00404770       __SetIOMode_
Module: C:\WATCOM/lib386/nt\clib3r.lib(dosret.c)
004047e0*      _dosretax_
004047f0*      _dosret0_
00404800       __set_errno_dos_
00404830*      __set_errno_dos_reterr_
00404840       __set_errno_nt_
00404850*      __set_errno_nt_reterr_
Module: C:\WATCOM/lib386/nt\clib3r.lib(lseek.c)
00404870       lseek_
Module: C:\WATCOM/lib386/nt\clib3r.lib(tell.c)
004048c0       tell_
Module: C:\WATCOM/lib386/nt\clib3r.lib(nmalloc.c)
004048e0       _nmalloc_
004048e0       malloc_
0040ef90       ___nheapbeg
0040ef94       ___MiniHeapRover
0040ef98       ___LargestSizeB4MiniHeapRover
Module: C:\WATCOM/lib386/nt\clib3r.lib(memset.c)
004049e0       memset_
Module: C:\WATCOM/lib386/nt\clib3r.lib(fputc.c)
00404a00       fputc_
Module: C:\WATCOM/lib386/nt\clib3r.lib(ioalloc.c)
00404ae0       __ioalloc_
Module: C:\WATCOM/lib386/nt\clib3r.lib(prtf.c)
00404b80       __prtf_
Module: C:\WATCOM/lib386/nt\clib3r.lib(iomode.c)
00405850       __GetIOMode_
00405870       __SetIOMode_nogrow_
0040ef9c       ___NFiles
0040efa0       ___init_mode
0040eff0       ___io_mode
Module: C:\WATCOM/lib386/nt\clib3r.lib(mem.c)
00405890       __MemAllocator
00405940       __MemFree
Module: C:\WATCOM/lib386/nt\clib3r.lib(fsync.c)
00405a80       fsync_
Module: C:\WATCOM/lib386/nt\clib3r.lib(qwrit.c)
00405ad0       __qwrite_
Module: C:\WATCOM/lib386/nt\clib3r.lib(mbterm.c)
00405bb0       _mbterm_
Module: C:\WATCOM/lib386/nt\clib3r.lib(mbsnextc.c)
00405bf0       _mbsnextc_
Module: C:\WATCOM/lib386/nt\clib3r.lib(mbcupper.c)
00405c30       _mbctoupper_
Module: C:\WATCOM/lib386/nt\clib3r.lib(mbsinc.c)
00405c60       _mbsinc_
Module: C:\WATCOM/lib386/nt\clib3r.lib(spvp.c)
00405c90       spawnvp_
Module: C:\WATCOM/lib386/nt\clib3r.lib(mthrdini.c)
00405ca0       __InitThreadData_
0040eff4       ___ThreadDataSize
Module: C:\WATCOM/lib386/nt\clib3r.lib(stackwnt.c)
00405cd0       stackavail_
Module: C:\WATCOM/lib386/nt\clib3r.lib(cinit.c)
00405ce0       __CommonInit_
Module: C:\WATCOM/lib386/nt\clib3r.lib(exit.c)
00405ce1+      __null_int23_exit_
00405ce2       exit_
00405d32*      _exit_
0040eff8       ___int23_exit
0040effc+      ___FPE_handler_exit
Module: C:\WATCOM/lib386/nt\clib3r.lib(dosseg)
00001234       __DOSseg__
Module: C:\WATCOM/lib386/nt\clib3r.lib(nrealloc.c)
00405d50*      _nrealloc_
00405d50       realloc_
Module: C:\WATCOM/lib386/nt\clib3r.lib(setenvp.c)
00405dd0       __setenvp_
00405e90       __freeenvp_
Module: C:\WATCOM/lib386/nt\clib3r.lib(ustrlen.c)
00405edd       wcslen_
Module: C:\WATCOM/lib386/nt\clib3r.lib(memcpy.c)
00405ef0       memcpy_
Module: C:\WATCOM/lib386/nt\clib3r.lib(conutwnt.c)
00405f20*      __NTRealKey_
00405fd0*      __NTConsoleInput_
00405fe0       __NTConsoleOutput_
Module: C:\WATCOM/lib386/nt\clib3r.lib(fclex387.c)
00405ff0       _ClearFPE_
Module: C:\WATCOM/lib386/nt\clib3r.lib(signlwnt.c)
0040f008+      __SignalTable
00406000+      __SetSignalFunc_
00406050+      __GetSignalFunc_
00406080+      __GetSignalOSCode_
004060b0+      __CheckSignalExCode_
004061f0+      __sigabort_
00406200       __sigfpe_handler_
00406250*      signal_
004062e0+      raise_
00406350+      __SigInit_
004063a0+      __SigFini_
004063e0+      __sig_init_
Module: C:\WATCOM/lib386/nt\clib3r.lib(iomodtty.c)
00406400       __ChkTTYIOMode_
00406440*      __IOMode_
Module: C:\WATCOM/lib386/nt\clib3r.lib(nmemneed.c)
00406460       __nmemneed_
Module: C:\WATCOM/lib386/nt\clib3r.lib(grownear.c)
004065d0       __ExpandDGROUP_
Module: C:\WATCOM/lib386/nt\clib3r.lib(__stos)
004065f0       __STOSB
00406627*      __STOSD
Module: C:\WATCOM/lib386/nt\clib3r.lib(wctomb.c)
004066a0       wctomb_
Module: C:\WATCOM/lib386/nt\clib3r.lib(itoa.c)
004066e0+      utoa_
00406730       itoa_
Module: C:\WATCOM/lib386/nt\clib3r.lib(strupr.c)
00406760       strupr_
Module: C:\WATCOM/lib386/nt\clib3r.lib(noefgfmt.c)
0040f074       ___EFG_printf
0040f078*      ___EFG_scanf
Module: C:\WATCOM/lib386/nt\clib3r.lib(lltoa.c)
004067d0       ulltoa_
00406840*      lltoa_
Module: C:\WATCOM/lib386/nt\clib3r.lib(ltoa.c)
00406870       ultoa_
004068c0*      ltoa_
Module: C:\WATCOM/lib386/nt\clib3r.lib(mbisdbcs.c)
004106d0       ___IsDBCS
Module: C:\WATCOM/lib386/nt\clib3r.lib(mbislead.c)
004068f0*      _ismbblead_
004106d4       ___MBCSIsTable
Module: C:\WATCOM/lib386/nt\clib3r.lib(mbconv.c)
00406910       _mbvtop_
Module: C:\WATCOM/lib386/nt\clib3r.lib(spvpe.c)
0040692f       spawnvpe_
Module: C:\WATCOM/lib386/nt\clib3r.lib(nmsize.c)
00406a80       _nmsize_
00406a80*      _msize_
Module: C:\WATCOM/lib386/nt\clib3r.lib(nexpand.c)
00406a90       _nexpand_
00406a90*      _expand_
00406ad0+      __HeapManager_expand_
Module: C:\WATCOM/lib386/nt\clib3r.lib(dofilstr.c)
00406cb0       __ParsePosixHandleStr_
Module: C:\WATCOM/lib386/nt\clib3r.lib(clearenv.c)
00406dd0       clearenv_
Module: C:\WATCOM/lib386/nt\clib3r.lib(abort.c)
00406e75*      abort_
00406e87       __terminate_
0040f07c       ___abort
Module: C:\WATCOM/lib386/nt\clib3r.lib(amblksiz.c)
0040f080       __amblksiz
Module: C:\WATCOM/lib386/nt\clib3r.lib(heapen.c)
00406ea0*      _heapenable_
0040f084       ___heap_enabled
Module: C:\WATCOM/lib386/nt\clib3r.lib(nheapmin.c)
00406ed0       _nheapshrink_
00406ed0*      _nheapmin_
00406ed0*      _heapmin_
00406ed0*      _heapshrink_
Module: C:\WATCOM/lib386/nt\clib3r.lib(mbinit.c)
00406fec       __mbinit_
0040f088       ___MBCodePage
Module: C:\WATCOM/lib386/nt\clib3r.lib(alphabet.c)
0040eb60       ___Alphabet
Module: C:\WATCOM/lib386/nt\clib3r.lib(spve.c)
00407130       spawnve_
Module: C:\WATCOM/lib386/nt\clib3r.lib(strlen.c)
00407560       strlen_
Module: C:\WATCOM/lib386/nt\clib3r.lib(strchr.c)
00407580       strchr_
Module: C:\WATCOM/lib386/nt\clib3r.lib(strncpy.c)
004075a0       strncpy_
Module: C:\WATCOM/lib386/nt\clib3r.lib(strtol.c)
00407800*      strtoul_
00407810       strtol_
Module: C:\WATCOM/lib386/nt\clib3r.lib(putenv.c)
00407820       putenv_
00407ab0       __putenv_
Module: C:\WATCOM/lib386/nt\clib3r.lib(accsswnt.c)
00407c20       access_
Module: C:\WATCOM/lib386/nt\clib3r.lib(exvewnt.c)
00407c44       execve_
Module: C:\WATCOM/lib386/nt\clib3r.lib(mkfilstr.c)
00407ca0       __FormPosixHandleStr_
Module: C:\WATCOM/lib386/nt\clib3r.lib(cenvarg.c)
00407eaf       __cenvarg_
00407fc3       __ccmdline_
Module: C:\WATCOM/lib386/nt\clib3r.lib(split2.c)
00408070       _splitpath2_
Module: C:\WATCOM/lib386/nt\clib3r.lib(makepath.c)
004081e0       _makepath_
Module: C:\WATCOM/lib386/nt\clib3r.lib(stricmp.c)
00408390       stricmp_
Module: C:\WATCOM/lib386/nt\clib3r.lib(spl.c)
004083d0       spawnl_
Module: C:\WATCOM/lib386/nt\clib3r.lib(dospnwnt.c)
004083f0       _dospawn_
Module: C:\WATCOM/lib386/nt\clib3r.lib(strcpy.c)
00408540       strcpy_
Module: C:\WATCOM/lib386/nt\clib3r.lib(mbschr.c)
00408570       _mbschr_
Module: C:\WATCOM/lib386/nt\clib3r.lib(mbslen.c)
004085d0       _mbslen_
Module: C:\WATCOM/lib386/nt\clib3r.lib(mbstowcs.c)
00408600       mbstowcs_
Module: C:\WATCOM/lib386/nt\clib3r.lib(uputenv.c)
00408680*      _wputenv_
004088a0       __wputenv_
Module: C:\WATCOM/lib386/nt\clib3r.lib(toupper.c)
004089a0       toupper_
Module: C:\WATCOM/lib386/nt\clib3r.lib(memmove.c)
004089b0       memmove_
Module: C:\WATCOM/lib386/nt\clib3r.lib(fgtattr.c)
00408a10       __fixed_GetFileAttributesA_
Module: C:\WATCOM/lib386/nt\clib3r.lib(oshdl.c)
00408ab0*      _get_osfhandle_
00408ab0       _os_handle_
Module: C:\WATCOM/lib386/nt\clib3r.lib(mbsnccnt.c)
00408ad0       _mbsnccnt_
Module: C:\WATCOM/lib386/nt\clib3r.lib(mbsncpy.c)
00408b00       _mbsncpy_
Module: C:\WATCOM/lib386/nt\clib3r.lib(mbsnbcnt.c)
00408b20       _mbsnbcnt_
Module: C:\WATCOM/lib386/nt\clib3r.lib(mbclen.c)
00408b90       _mbclen_
Module: C:\WATCOM/lib386/nt\clib3r.lib(mbsdec.c)
00408bc0       _mbsdec_
Module: C:\WATCOM/lib386/nt\clib3r.lib(mbccmp.c)
00408c40       _mbccmp_
Module: C:\WATCOM/lib386/nt\clib3r.lib(mbtowc.c)
00408c80       mbtowc_
Module: C:\WATCOM/lib386/nt\clib3r.lib(ustrchr.c)
00408d10       wcschr_
Module: C:\WATCOM/lib386/nt\clib3r.lib(setenvar.c)
00408d30       __lib_SetEnvironmentVariableW_
Module: C:\WATCOM/lib386/nt\clib3r.lib(crtwenv.c)
00408e20       __create_wide_environment_
Module: C:\WATCOM/lib386/nt\clib3r.lib(wcstombs.c)
00408e90       wcstombs_
Module: C:\WATCOM/lib386/nt\clib3r.lib(utoupper.c)
00408f2f       towupper_
Module: C:\WATCOM/lib386/nt\clib3r.lib(mbsnbcpy.c)
00408f40       _mbsnbcpy_


                        +----------------------+
                        |   Imported Symbols   |
                        +----------------------+

Symbol                              Module
======                              ======

_DeleteObject@4                     GDI32.DLL
_PostQuitMessage@4                  USER32.DLL
_SendMessageA@16                    USER32.DLL
_GetWindowTextA@12                  USER32.DLL
_BeginPaint@8                       USER32.DLL
_CreateCompatibleDC@4               GDI32.DLL
_SelectObject@8                     GDI32.DLL
_GetObjectA@12                      GDI32.DLL
_BitBlt@36                          GDI32.DLL
_DeleteDC@4                         GDI32.DLL
_EndPaint@8                         USER32.DLL
_DefWindowProcA@16                  USER32.DLL
_LoadImageA@24                      USER32.DLL
_MessageBoxA@16                     USER32.DLL
_RegisterClassA@4                   USER32.DLL
_CreateWindowExA@48                 USER32.DLL
_ShowWindow@8                       USER32.DLL
_UpdateWindow@4                     USER32.DLL
_GetMessageA@16                     USER32.DLL
_TranslateMessage@4                 USER32.DLL
_DispatchMessageA@4                 USER32.DLL
_GetStdHandle@4                     KERNEL32.DLL
_WriteFile@20                       KERNEL32.DLL
_GetEnvironmentStringsA@0           KERNEL32.DLL
_GetVersion@0                       KERNEL32.DLL
_GetModuleFileNameA@12              KERNEL32.DLL
_GetCommandLineA@0                  KERNEL32.DLL
_GetCommandLineW@0                  KERNEL32.DLL
_FreeEnvironmentStringsA@4          KERNEL32.DLL
_GetModuleHandleA@4                 KERNEL32.DLL
_ExitProcess@4                      KERNEL32.DLL
_CreateFileA@28                     KERNEL32.DLL
_SetFilePointer@16                  KERNEL32.DLL
_CloseHandle@4                      KERNEL32.DLL
_DeleteFileA@4                      KERNEL32.DLL
_SetStdHandle@8                     KERNEL32.DLL
_CreateEventA@16                    KERNEL32.DLL
_GetModuleFileNameW@12              KERNEL32.DLL
_MultiByteToWideChar@24             KERNEL32.DLL
_LoadLibraryA@4                     KERNEL32.DLL
_GetProcAddress@8                   KERNEL32.DLL
_SetUnhandledExceptionFilter@4      KERNEL32.DLL
_UnhandledExceptionFilter@4         KERNEL32.DLL
_VirtualQuery@12                    KERNEL32.DLL
_GetFileType@4                      KERNEL32.DLL
_GetLastError@0                     KERNEL32.DLL
_FlushFileBuffers@4                 KERNEL32.DLL
_CharUpperA@4                       USER32.DLL
_GetCurrentThreadId@0               KERNEL32.DLL
_SetConsoleCtrlHandler@8            KERNEL32.DLL
_VirtualAlloc@16                    KERNEL32.DLL
_WideCharToMultiByte@32             KERNEL32.DLL
_VirtualFree@12                     KERNEL32.DLL
_GetACP@0                           KERNEL32.DLL
_GetOEMCP@0                         KERNEL32.DLL
_GetCPInfo@8                        KERNEL32.DLL
_SetEnvironmentVariableA@8          KERNEL32.DLL
_CreateProcessA@40                  KERNEL32.DLL
_Sleep@4                            KERNEL32.DLL
_GetExitCodeProcess@8               KERNEL32.DLL
_WaitForSingleObject@8              KERNEL32.DLL
_GetFileAttributesA@4               KERNEL32.DLL
_FindFirstFileA@8                   KERNEL32.DLL
_FindClose@4                        KERNEL32.DLL
_SetEnvironmentVariableW@8          KERNEL32.DLL


                        +--------------------+
                        |   Libraries Used   |
                        +--------------------+

C:\WATCOM/lib386/nt\kernel32.lib
C:\WATCOM/lib386/nt\user32.lib
C:\WATCOM/lib386/nt\gdi32.lib
C:\WATCOM/lib386/nt\clib3r.lib
C:\WATCOM/lib386/nt\plbx3r.lib


                        +-----------------------+
                        |   Linker Statistics   |
                        +-----------------------+

Stack size:  00010000 (65536.)
Memory size:  0001e005 (122885.)
Entry point address: 004020c6
Link time: 00:00.31
